// Jest Snapshot v1, https://goo.gl/fbAQLP

exports[`Should Display repo name  1`] = `<ul />`;
